../Inc/main.h:159:26:Delay_ms	8	static
../Inc/main.h:170:26:Delay_milli	16	static
../Drivers/ADC/ADC.c:297:15:ADC_Sampling_Config	0	static
../Drivers/ADC/ADC.c:626:15:ADC_Sequence_Config	0	static
../Drivers/ADC/ADC.c:438:15:ADC_Pin_Init	24	static
../Drivers/ADC/ADC.c:65:17:Timer_CalcPrescalerAndReload	0	static
../Drivers/ADC/ADC.c:98:13:ADC_Timer_External_Trigger_Init	24	static
../Drivers/ADC/ADC.c:750:8:ADC_Init	8	static
../Drivers/ADC/ADC.c:862:8:ADC_Enable	8	static
../Drivers/ADC/ADC.c:886:8:ADC_Start	0	static
../Drivers/ADC/ADC.c:919:8:ADC_Start_Capture	16	static
