../Inc/core_cm4.h:1685:22:__NVIC_EnableIRQ	0	static,ignoring_inline_asm
../Inc/core_cm4.h:1815:22:__NVIC_SetPriority	0	static
../Drivers/GPIO/GPIO.c:42:6:EXTI0_IRQHandler	8	static
../Drivers/GPIO/GPIO.c:50:6:EXTI1_IRQHandler	8	static
../Drivers/GPIO/GPIO.c:58:6:EXTI2_IRQHandler	8	static
../Drivers/GPIO/GPIO.c:66:6:EXTI3_IRQHandler	8	static
../Drivers/GPIO/GPIO.c:74:6:EXTI4_IRQHandler	8	static
../Drivers/GPIO/GPIO.c:84:6:EXTI9_5_IRQHandler	16	static
../Drivers/GPIO/GPIO.c:98:6:EXTI15_10_IRQHandler	16	static
../Drivers/GPIO/GPIO.c:119:6:GPIO_Interrupt_Setup	16	static
../Drivers/GPIO/GPIO.c:163:5:GPIO_Clock_Disable	0	static
../Drivers/GPIO/GPIO.c:183:5:GPIO_Clock_Enable	0	static
../Drivers/GPIO/GPIO.c:198:13:GPIO_Pin_Init	32	static
