../Drivers/DMA/DMA.c:43:6:DMA1_Stream0_IRQHandler	8	static
../Drivers/DMA/DMA.c:134:6:DMA1_Stream1_IRQHandler	8	static
../Drivers/DMA/DMA.c:224:6:DMA1_Stream2_IRQHandler	8	static
../Drivers/DMA/DMA.c:316:6:DMA1_Stream3_IRQHandler	8	static
../Drivers/DMA/DMA.c:407:6:DMA1_Stream4_IRQHandler	8	static
../Drivers/DMA/DMA.c:484:6:DMA1_Stream5_IRQHandler	8	static
../Drivers/DMA/DMA.c:560:6:DMA1_Stream6_IRQHandler	8	static
../Drivers/DMA/DMA.c:635:6:DMA1_Stream7_IRQHandler	8	static
../Drivers/DMA/DMA.c:709:6:DMA2_Stream0_IRQHandler	8	static
../Drivers/DMA/DMA.c:803:6:DMA2_Stream1_IRQHandler	8	static
../Drivers/DMA/DMA.c:878:6:DMA2_Stream2_IRQHandler	8	static
../Drivers/DMA/DMA.c:952:6:DMA2_Stream3_IRQHandler	8	static
../Drivers/DMA/DMA.c:1042:6:DMA2_Stream4_IRQHandler	8	static
../Drivers/DMA/DMA.c:1119:6:DMA2_Stream5_IRQHandler	8	static
../Drivers/DMA/DMA.c:1195:6:DMA2_Stream6_IRQHandler	8	static
../Drivers/DMA/DMA.c:1270:6:DMA2_Stream7_IRQHandler	8	static
../Drivers/DMA/DMA.c:1356:6:DMA_Clock_Enable	0	static
../Drivers/DMA/DMA.c:1378:6:DMA_Clock_Disable	0	static
../Drivers/DMA/DMA.c:1395:6:DMA_Reset	0	static
../Drivers/DMA/DMA.c:1414:8:DMA_Init	8	static,ignoring_inline_asm
../Drivers/DMA/DMA.c:1572:6:DMA_Set_Target	0	static
../Drivers/DMA/DMA.c:1621:6:DMA_Set_Trigger	0	static
../Drivers/DMA/DMA.c:1659:6:DMA_Disable_Target	0	static
../Drivers/DMA/DMA.c:1689:6:DMA_Memory_To_Memory_Transfer	12	static
